// Jest Snapshot v1, https://goo.gl/fbAQLP

exports[`ChangePassword should render correctly 1`] = `
<form
  className=""
  onSubmit={[Function]}
>
  <div
    className="form-group"
  >
    <label
      className="form-label"
      htmlFor="formChangePassword"
    >
      New Password
    </label>
    <input
      className="form-control"
      id="formChangePassword"
      onChange={[Function]}
      placeholder="New Password"
      type="password"
      value=""
    />
  </div>
  <div
    className="form-group"
  >
    <label
      className="form-label"
      htmlFor="formChangeConfirmPassword"
    >
      Confirm New Password
    </label>
    <input
      className="form-control"
      id="formChangeConfirmPassword"
      onChange={[Function]}
      placeholder="Confirm New Password"
      type="password"
      value=""
    />
  </div>
  <button
    className="btn btn-primary"
    disabled={true}
    type="submit"
  >
    Reset My Password
  </button>
</form>
`;
